[INFO] Scanning for projects...
[INFO] 
[INFO] -----------------------------< web:fidex >------------------------------
[INFO] Building fidex 2.0.0
[INFO]   from pom.xml
[INFO] --------------------------------[ jar ]---------------------------------
[INFO] 
[INFO] --- build-helper:3.6.0:add-source (add-source) @ fidex ---
[INFO] Source directory: C:\Users\fdsed\Desktop\GITHUB\fidex\fidex\src\main\kotlin added.
[INFO] Source directory: C:\Users\fdsed\Desktop\GITHUB\fidex\fidex\src\main\java added.
[INFO] 
[INFO] --- resources:3.3.1:resources (default-resources) @ fidex ---
[INFO] Copying 1 resource from src\main\resources to target\classes
[INFO] Copying 55 resources from src\main\resources to target\classes
[INFO] 
[INFO] --- kotlin:2.1.0:compile (compile) @ fidex ---
[INFO] Applied plugin: 'spring'
[INFO] Applied plugin: 'jpa'
[INFO] 
[INFO] --- compiler:3.13.0:compile (java-compile) @ fidex ---
[INFO] Recompiling the module because of changed source code.
[INFO] Compiling 70 source files with javac [debug parameters release 17] to target\classes
[INFO] /C:/Users/fdsed/Desktop/GITHUB/fidex/fidex/src/main/java/web/fidex/config/SecurityConfig.java: Some input files use or override a deprecated API.
[INFO] /C:/Users/fdsed/Desktop/GITHUB/fidex/fidex/src/main/java/web/fidex/config/SecurityConfig.java: Recompile with -Xlint:deprecation for details.
[INFO] -------------------------------------------------------------
[ERROR] COMPILATION ERROR : 
[INFO] -------------------------------------------------------------
[ERROR] /C:/Users/fdsed/Desktop/GITHUB/fidex/fidex/src/main/java/web/fidex/controller/PurchaseController.java:[106,13] cannot find symbol
  symbol:   class Usuario
  location: class web.fidex.controller.PurchaseController
[ERROR] /C:/Users/fdsed/Desktop/GITHUB/fidex/fidex/src/main/java/web/fidex/controller/PurchaseController.java:[110,45] cannot find symbol
  symbol:   method getPriceValue()
  location: variable purchase of type @jakarta.validation.Valid web.fidex.model.fidex_model.Purchase
[ERROR] /C:/Users/fdsed/Desktop/GITHUB/fidex/fidex/src/main/java/web/fidex/controller/PurchaseController.java:[110,81] cannot find symbol
  symbol:   method getPriceValue()
  location: variable purchase of type @jakarta.validation.Valid web.fidex.model.fidex_model.Purchase
[INFO] 3 errors 
[INFO] -------------------------------------------------------------
[INFO] ------------------------------------------------------------------------
[INFO] BUILD FAILURE
[INFO] ------------------------------------------------------------------------
[INFO] Total time:  12.571 s
[INFO] Finished at: 2026-01-31T14:39:10-03:00
[INFO] ------------------------------------------------------------------------
[ERROR] Failed to execute goal org.apache.maven.plugins:maven-compiler-plugin:3.13.0:compile (java-compile) on project fidex: Compilation failure: Compilation failure: 
[ERROR] /C:/Users/fdsed/Desktop/GITHUB/fidex/fidex/src/main/java/web/fidex/controller/PurchaseController.java:[106,13] cannot find symbol
[ERROR]   symbol:   class Usuario
[ERROR]   location: class web.fidex.controller.PurchaseController
[ERROR] /C:/Users/fdsed/Desktop/GITHUB/fidex/fidex/src/main/java/web/fidex/controller/PurchaseController.java:[110,45] cannot find symbol
[ERROR]   symbol:   method getPriceValue()
[ERROR]   location: variable purchase of type @jakarta.validation.Valid web.fidex.model.fidex_model.Purchase
[ERROR] /C:/Users/fdsed/Desktop/GITHUB/fidex/fidex/src/main/java/web/fidex/controller/PurchaseController.java:[110,81] cannot find symbol
[ERROR]   symbol:   method getPriceValue()
[ERROR]   location: variable purchase of type @jakarta.validation.Valid web.fidex.model.fidex_model.Purchase
[ERROR] -> [Help 1]
[ERROR] 
[ERROR] To see the full stack trace of the errors, re-run Maven with the -e switch.
[ERROR] Re-run Maven using the -X switch to enable full debug logging.
[ERROR] 
[ERROR] For more information about the errors and possible solutions, please read the following articles:
[ERROR] [Help 1] http://cwiki.apache.org/confluence/display/MAVEN/MojoFailureException
